// Jest Snapshot v1, https://goo.gl/fbAQLP

exports[`BlogListing should render correctly with props 1`] = `
<article
  className="blog-listing"
>
  <div
    className="header"
  >
    <div
      className="aspect-ratio-img"
    >
      <a
        href="/posts/501"
        id="image-link"
      >
        <img
          alt=""
          height="300"
          src="https://via.placeholder.com/350x350"
        />
      </a>
    </div>
    <div
      className="category-text-container"
    >
      <a
        className="btn btn-primary"
        href="/categories/food"
        id="category-link"
      >
        Food
      </a>
    </div>
  </div>
  <div
    className="content"
  >
    <h3
      className="post-title"
    >
      <a
        href="/posts/501"
        id="post-title-link"
      >
        Test title
      </a>
    </h3>
    <p
      id="excerpt"
    >
      Lorem ipsum dolor sit amet, consectetur adipisicing elit. Est fugiat harum obcaecati pariatur sint tempore unde. Aperiam commodi distinctio earum eligendi, enim itaque laudantium magni neque porro temporibus vitae voluptatum?
    </p>
    <a
      href="/posts/501"
      id="read-more-link"
    >
      Read more »
    </a>
  </div>
  <div
    className="metadata-container"
  >
    <div
      className="metadata"
    >
      Published by 
      <a
        href="/users/1500"
        id="userLink"
      >
        Test displayName
      </a>
       at 
      <a
        href=""
      >
        01/01/1970
      </a>
    </div>
  </div>
</article>
`;

exports[`BlogListing should render empty with no props 1`] = `""`;
